// Jest Snapshot v1, https://goo.gl/fbAQLP

exports[`Run template flow merge templates 1`] = `
Object {
  "base": "LICENSE",
  "content": "The MIT License (MIT)

Copyright (c) 2022 Vyacheslav Shimarulin

Permission is hereby granted, free of charge, to any person obtaining a copy
of this software and associated documentation files (the \\"Software\\"), to deal
in the Software without restriction, including without limitation the rights
to use, copy, modify, merge, publish, distribute, sublicense, and/or sell
copies of the Software, and to permit persons to whom the Software is
furnished to do so, subject to the following conditions:

The above copyright notice and this permission notice shall be included in
all copies or substantial portions of the Software.

THE SOFTWARE IS PROVIDED \\"AS IS\\", WITHOUT WARRANTY OF ANY KIND, EXPRESS OR
IMPLIED, INCLUDING BUT NOT LIMITED TO THE WARRANTIES OF MERCHANTABILITY,
FITNESS FOR A PARTICULAR PURPOSE AND NONINFRINGEMENT. IN NO EVENT SHALL THE
AUTHORS OR COPYRIGHT HOLDERS BE LIABLE FOR ANY CLAIM, DAMAGES OR OTHER
LIABILITY, WHETHER IN AN ACTION OF CONTRACT, TORT OR OTHERWISE, ARISING FROM,
OUT OF OR IN CONNECTION WITH THE SOFTWARE OR THE USE OR OTHER DEALINGS IN
THE SOFTWARE.
",
  "dir": "./",
  "ext": "",
  "name": "LICENSE",
  "root": "/tmp/tpl-mt",
}
`;

exports[`Run template flow merge templates 2`] = `
Object {
  "base": "README.md",
  "content": "# Template manager test assets
",
  "dir": "./",
  "ext": ".md",
  "name": "README",
  "root": "/tmp/tpl-mt",
}
`;

exports[`Run template flow merge templates 3`] = `
Object {
  "base": "index.js",
  "content": "export {
  log,
} from './func/log.js'
",
  "dir": "./src",
  "ext": ".js",
  "name": "index",
  "root": "/tmp/tpl-mt",
}
`;

exports[`Run template flow merge templates 4`] = `
Object {
  "base": "log.js",
  "content": "export const log = (msg) => {
  console.log(msg)
}
",
  "dir": "./src/func",
  "ext": ".js",
  "name": "log",
  "root": "/tmp/tpl-mt",
}
`;

exports[`Run template flow merge templates 5`] = `
Object {
  "base": "package.json.json",
  "content": "{
  \\"name\\": \\"template-manager-test-assets\\",
  \\"private\\": true
}
",
  "dir": "./",
  "ext": ".json",
  "name": "package.json",
  "root": "/tmp/tpl-mt",
}
`;
